current directory: /Users/dave/wildaye.co.uk/vendor/bundle/ruby/3.4.0/gems/stringio-3.2.0/ext/stringio
/Users/dave/.rubies/ruby-3.4.1/bin/ruby extconf.rb
checking for rb_io_mode_t in ruby/io.h... no
creating Makefile

current directory: /Users/dave/wildaye.co.uk/vendor/bundle/ruby/3.4.0/gems/stringio-3.2.0/ext/stringio
make DESTDIR\= sitearchdir\=./.gem.20260624-78880-y7re7f sitelibdir\=./.gem.20260624-78880-y7re7f clean

current directory: /Users/dave/wildaye.co.uk/vendor/bundle/ruby/3.4.0/gems/stringio-3.2.0/ext/stringio
make DESTDIR\= sitearchdir\=./.gem.20260624-78880-y7re7f sitelibdir\=./.gem.20260624-78880-y7re7f
compiling stringio.c
In file included from stringio.c:20:
In file included from /Users/dave/.rubies/ruby-3.4.1/include/ruby-3.4.0/ruby.h:38:
In file included from /Users/dave/.rubies/ruby-3.4.1/include/ruby-3.4.0/ruby/ruby.h:28:
In file included from /Users/dave/.rubies/ruby-3.4.1/include/ruby-3.4.0/ruby/internal/arithmetic.h:24:
In file included from /Users/dave/.rubies/ruby-3.4.1/include/ruby-3.4.0/ruby/internal/arithmetic/char.h:29:
/Users/dave/.rubies/ruby-3.4.1/include/ruby-3.4.0/ruby/internal/core/rstring.h:398:24: warning: default initialization of an object of type 'struct RString' with const member leaves the object uninitialized [-Wdefault-const-init-field-unsafe]
  398 |         struct RString retval;
      |                        ^
/Users/dave/.rubies/ruby-3.4.1/include/ruby-3.4.0/ruby/internal/core/rbasic.h:86:17: note: member 'klass' declared 'const' here
   86 |     const VALUE klass;
      |                 ^
1 warning generated.
linking shared-object stringio.bundle

current directory: /Users/dave/wildaye.co.uk/vendor/bundle/ruby/3.4.0/gems/stringio-3.2.0/ext/stringio
make DESTDIR\= sitearchdir\=./.gem.20260624-78880-y7re7f sitelibdir\=./.gem.20260624-78880-y7re7f install
/opt/homebrew/bin/ginstall -c -m 0755 stringio.bundle ./.gem.20260624-78880-y7re7f

current directory: /Users/dave/wildaye.co.uk/vendor/bundle/ruby/3.4.0/gems/stringio-3.2.0/ext/stringio
make DESTDIR\= sitearchdir\=./.gem.20260624-78880-y7re7f sitelibdir\=./.gem.20260624-78880-y7re7f clean
