current directory: /Users/dave/wildaye.co.uk/vendor/bundle/ruby/3.4.0/gems/erb-6.0.4/ext/erb/escape
/Users/dave/.rubies/ruby-3.4.1/bin/ruby extconf.rb
checking for rb_ext_ractor_safe() in ruby.h... yes
creating Makefile

current directory: /Users/dave/wildaye.co.uk/vendor/bundle/ruby/3.4.0/gems/erb-6.0.4/ext/erb/escape
make DESTDIR\= sitearchdir\=./.gem.20260624-78880-s4iso1 sitelibdir\=./.gem.20260624-78880-s4iso1 clean

current directory: /Users/dave/wildaye.co.uk/vendor/bundle/ruby/3.4.0/gems/erb-6.0.4/ext/erb/escape
make DESTDIR\= sitearchdir\=./.gem.20260624-78880-s4iso1 sitelibdir\=./.gem.20260624-78880-s4iso1
compiling escape.c
In file included from escape.c:1:
In file included from /Users/dave/.rubies/ruby-3.4.1/include/ruby-3.4.0/ruby.h:38:
In file included from /Users/dave/.rubies/ruby-3.4.1/include/ruby-3.4.0/ruby/ruby.h:28:
In file included from /Users/dave/.rubies/ruby-3.4.1/include/ruby-3.4.0/ruby/internal/arithmetic.h:24:
In file included from /Users/dave/.rubies/ruby-3.4.1/include/ruby-3.4.0/ruby/internal/arithmetic/char.h:29:
/Users/dave/.rubies/ruby-3.4.1/include/ruby-3.4.0/ruby/internal/core/rstring.h:398:24: warning: default initialization of an object of type 'struct RString' with const member leaves the object uninitialized [-Wdefault-const-init-field-unsafe]
  398 |         struct RString retval;
      |                        ^
/Users/dave/.rubies/ruby-3.4.1/include/ruby-3.4.0/ruby/internal/core/rbasic.h:86:17: note: member 'klass' declared 'const' here
   86 |     const VALUE klass;
      |                 ^
1 warning generated.
linking shared-object erb/escape.bundle

current directory: /Users/dave/wildaye.co.uk/vendor/bundle/ruby/3.4.0/gems/erb-6.0.4/ext/erb/escape
make DESTDIR\= sitearchdir\=./.gem.20260624-78880-s4iso1 sitelibdir\=./.gem.20260624-78880-s4iso1 install
/opt/homebrew/bin/ginstall -c -m 0755 escape.bundle ./.gem.20260624-78880-s4iso1/erb

current directory: /Users/dave/wildaye.co.uk/vendor/bundle/ruby/3.4.0/gems/erb-6.0.4/ext/erb/escape
make DESTDIR\= sitearchdir\=./.gem.20260624-78880-s4iso1 sitelibdir\=./.gem.20260624-78880-s4iso1 clean
