append_cflags: checking for whether -std=c99 is accepted as CFLAGS... -------------------- no

DYLD_LIBRARY_PATH=.:/Users/dave/.rubies/ruby-3.4.1/lib ASAN_OPTIONS=detect_leaks=0 "clang -o conftest -I/Users/dave/.rubies/ruby-3.4.1/include/ruby-3.4.0/arm64-darwin25 -I/Users/dave/.rubies/ruby-3.4.1/include/ruby-3.4.0/ruby/backward -I/Users/dave/.rubies/ruby-3.4.1/include/ruby-3.4.0 -I. -D_XOPEN_SOURCE -D_DARWIN_C_SOURCE -D_DARWIN_UNLIMITED_SELECT -D_REENTRANT   -fstack-protector-strong -U_FORTIFY_SOURCE -D_FORTIFY_SOURCE=2 -fdeclspec  -O3 -fno-fast-math -ggdb3 -Wall -Wextra -Wextra-tokens -Wdeprecated-declarations -Wdivision-by-zero -Wdiv-by-zero -Wimplicit-function-declaration -Wimplicit-int -Wpointer-arith -Wshorten-64-to-32 -Wwrite-strings -Wold-style-definition -Wmissing-noreturn -Wno-cast-function-type -Wno-constant-logical-operand -Wno-long-long -Wno-missing-field-initializers -Wno-overlength-strings -Wno-parentheses-equality -Wno-self-assign -Wno-tautological-compare -Wno-unused-parameter -Wno-unused-value -Wunused-variable -Wmisleading-indentation -Wundef -pipe conftest.c -L. -L/Users/dave/.rubies/ruby-3.4.1/lib -L. -fstack-protector-strong  -arch arm64   -lruby.3.4-static -framework CoreFoundation -ldl -lobjc -lpthread   -lpthread  "
In file included from conftest.c:1:
In file included from /Users/dave/.rubies/ruby-3.4.1/include/ruby-3.4.0/ruby.h:38:
In file included from /Users/dave/.rubies/ruby-3.4.1/include/ruby-3.4.0/ruby/ruby.h:28:
In file included from /Users/dave/.rubies/ruby-3.4.1/include/ruby-3.4.0/ruby/internal/arithmetic.h:24:
In file included from /Users/dave/.rubies/ruby-3.4.1/include/ruby-3.4.0/ruby/internal/arithmetic/char.h:29:
/Users/dave/.rubies/ruby-3.4.1/include/ruby-3.4.0/ruby/internal/core/rstring.h:398:24: warning: default initialization of an object of type 'struct RString' with const member leaves the object uninitialized [-Wdefault-const-init-field-unsafe]
  398 |         struct RString retval;
      |                        ^
/Users/dave/.rubies/ruby-3.4.1/include/ruby-3.4.0/ruby/internal/core/rbasic.h:86:17: note: member 'klass' declared 'const' here
   86 |     const VALUE klass;
      |                 ^
1 warning generated.
ld: warning: ignoring duplicate libraries: '-lpthread'
checked program was:
/* begin */
1: #include "ruby.h"
2: 
3: int main(int argc, char **argv)
4: {
5:   return !!argv[argc];
6: }
/* end */

DYLD_LIBRARY_PATH=.:/Users/dave/.rubies/ruby-3.4.1/lib ASAN_OPTIONS=detect_leaks=0 "clang -I/Users/dave/.rubies/ruby-3.4.1/include/ruby-3.4.0/arm64-darwin25 -I/Users/dave/.rubies/ruby-3.4.1/include/ruby-3.4.0/ruby/backward -I/Users/dave/.rubies/ruby-3.4.1/include/ruby-3.4.0 -I. -D_XOPEN_SOURCE -D_DARWIN_C_SOURCE -D_DARWIN_UNLIMITED_SELECT -D_REENTRANT   -fstack-protector-strong -U_FORTIFY_SOURCE -D_FORTIFY_SOURCE=2 -fdeclspec  -O3 -fno-fast-math -ggdb3 -Wall -Wextra -Wextra-tokens -Wdeprecated-declarations -Wdivision-by-zero -Wdiv-by-zero -Wimplicit-function-declaration -Wimplicit-int -Wpointer-arith -Wshorten-64-to-32 -Wwrite-strings -Wold-style-definition -Wmissing-noreturn -Wno-cast-function-type -Wno-constant-logical-operand -Wno-long-long -Wno-missing-field-initializers -Wno-overlength-strings -Wno-parentheses-equality -Wno-self-assign -Wno-tautological-compare -Wno-unused-parameter -Wno-unused-value -Wunused-variable -Wmisleading-indentation -Wundef -pipe -arch arm64 -std=c99 -Werror -c conftest.c"
In file included from conftest.c:1:
In file included from /Users/dave/.rubies/ruby-3.4.1/include/ruby-3.4.0/ruby.h:38:
In file included from /Users/dave/.rubies/ruby-3.4.1/include/ruby-3.4.0/ruby/ruby.h:28:
In file included from /Users/dave/.rubies/ruby-3.4.1/include/ruby-3.4.0/ruby/internal/arithmetic.h:24:
In file included from /Users/dave/.rubies/ruby-3.4.1/include/ruby-3.4.0/ruby/internal/arithmetic/char.h:29:
/Users/dave/.rubies/ruby-3.4.1/include/ruby-3.4.0/ruby/internal/core/rstring.h:398:24: error: default initialization of an object of type 'struct RString' with const member leaves the object uninitialized [-Werror,-Wdefault-const-init-field-unsafe]
  398 |         struct RString retval;
      |                        ^
/Users/dave/.rubies/ruby-3.4.1/include/ruby-3.4.0/ruby/internal/core/rbasic.h:86:17: note: member 'klass' declared 'const' here
   86 |     const VALUE klass;
      |                 ^
1 error generated.
checked program was:
/* begin */
1: #include "ruby.h"
2: 
3: int main(int argc, char **argv)
4: {
5:   return !!argv[argc];
6: }
/* end */

--------------------

