current directory: /Users/dave/wildaye.co.uk/vendor/bundle/ruby/3.4.0/gems/json-2.20.0/ext/json/ext/parser
/Users/dave/.rubies/ruby-3.4.1/bin/ruby extconf.rb
checking for rb_enc_interned_str() in ruby/encoding.h... yes
checking for rb_str_to_interned_str() in ruby.h... yes
checking for rb_hash_new_capa() in ruby.h... yes
checking for rb_hash_bulk_insert() in ruby.h... yes
checking for ruby_xfree_sized() in ruby.h... no
checking for __builtin_clzll()... yes
checking for x86intrin.h... no
checking for intrin.h... no
checking for RUBY_TYPED_EMBEDDABLE in ruby.h... yes
checking for whether -std=c99 is accepted as CFLAGS... no
checking for arm_neon.h... yes
checking for cpuid.h... no
creating Makefile

current directory: /Users/dave/wildaye.co.uk/vendor/bundle/ruby/3.4.0/gems/json-2.20.0/ext/json/ext/parser
make DESTDIR\= sitearchdir\=./.gem.20260624-73800-q3bk2u sitelibdir\=./.gem.20260624-73800-q3bk2u clean

current directory: /Users/dave/wildaye.co.uk/vendor/bundle/ruby/3.4.0/gems/json-2.20.0/ext/json/ext/parser
make DESTDIR\= sitearchdir\=./.gem.20260624-73800-q3bk2u sitelibdir\=./.gem.20260624-73800-q3bk2u
compiling parser.c
In file included from parser.c:1:
In file included from ./../json.h:4:
In file included from /Users/dave/.rubies/ruby-3.4.1/include/ruby-3.4.0/ruby.h:38:
In file included from /Users/dave/.rubies/ruby-3.4.1/include/ruby-3.4.0/ruby/ruby.h:28:
In file included from /Users/dave/.rubies/ruby-3.4.1/include/ruby-3.4.0/ruby/internal/arithmetic.h:24:
In file included from /Users/dave/.rubies/ruby-3.4.1/include/ruby-3.4.0/ruby/internal/arithmetic/char.h:29:
/Users/dave/.rubies/ruby-3.4.1/include/ruby-3.4.0/ruby/internal/core/rstring.h:398:24: warning: default initialization of an object of type 'struct RString' with const member leaves the object uninitialized [-Wdefault-const-init-field-unsafe]
  398 |         struct RString retval;
      |                        ^
/Users/dave/.rubies/ruby-3.4.1/include/ruby-3.4.0/ruby/internal/core/rbasic.h:86:17: note: member 'klass' declared 'const' here
   86 |     const VALUE klass;
      |                 ^
1 warning generated.
linking shared-object json/ext/parser.bundle

current directory: /Users/dave/wildaye.co.uk/vendor/bundle/ruby/3.4.0/gems/json-2.20.0/ext/json/ext/parser
make DESTDIR\= sitearchdir\=./.gem.20260624-73800-q3bk2u sitelibdir\=./.gem.20260624-73800-q3bk2u install
/opt/homebrew/bin/ginstall -c -m 0755 parser.bundle ./.gem.20260624-73800-q3bk2u/json/ext

current directory: /Users/dave/wildaye.co.uk/vendor/bundle/ruby/3.4.0/gems/json-2.20.0/ext/json/ext/parser
make DESTDIR\= sitearchdir\=./.gem.20260624-73800-q3bk2u sitelibdir\=./.gem.20260624-73800-q3bk2u clean
